// Jest Snapshot v1, https://goo.gl/fbAQLP

exports[`src/mui/form/items/state.jsx.input.label.tsx StateJsxInputLabel should render 1`] = `
<label
  className="MuiFormLabel-root MuiInputLabel-root MuiInputLabel-animated MuiFormLabel-colorPrimary MuiInputLabel-root MuiInputLabel-animated css-9npbnl-MuiFormLabel-root-MuiInputLabel-root"
/>
`;
