// Jest Snapshot v1, https://goo.gl/fbAQLP

exports[`src/mui/dialog/actions/state.jsx should render correctly 1`] = `null`;
