// Jest Snapshot v1, https://goo.gl/fbAQLP

exports[`src/mui/dialog/form/index.tsx should render correctly 1`] = `null`;
