// Jest Snapshot v1, https://goo.gl/fbAQLP

exports[`src/mui/appbar/index.tsx should render correctly 1`] = `null`;
