// Jest Snapshot v1, https://goo.gl/fbAQLP

exports[`src/mui/state.jsx.imported.svg.icons.tsx getImportedSvgIcon should render 1`] = `null`;
