// Jest Snapshot v1, https://goo.gl/fbAQLP

exports[`src/mui/dialog/form/select/index.tsx should render correctly 1`] = `
<div
  className="MuiFormControl-root css-1nrlq1o-MuiFormControl-root"
>
  <label
    className="MuiFormLabel-root MuiInputLabel-root MuiInputLabel-formControl MuiInputLabel-animated MuiInputLabel-sizeMedium MuiInputLabel-standard MuiFormLabel-colorPrimary MuiInputLabel-root MuiInputLabel-formControl MuiInputLabel-animated MuiInputLabel-sizeMedium MuiInputLabel-standard css-aqpgxn-MuiFormLabel-root-MuiInputLabel-root"
    data-shrink={false}
  />
  <div
    className="MuiInputBase-root MuiInput-root MuiInput-underline MuiInputBase-colorPrimary MuiInputBase-formControl css-n70jm4-MuiInputBase-root-MuiInput-root-MuiSelect-root"
    onClick={[Function]}
  >
    <div
      aria-controls=":r0:"
      aria-expanded="false"
      aria-haspopup="listbox"
      className="MuiSelect-select MuiSelect-standard MuiInputBase-input MuiInput-input css-1rxz5jq-MuiSelect-select-MuiInputBase-input-MuiInput-input"
      onBlur={[Function]}
      onFocus={[Function]}
      onKeyDown={[Function]}
      onMouseDown={[Function]}
      role="combobox"
      tabIndex={0}
    >
      <span
        className="notranslate"
      >
        â€‹
      </span>
    </div>
    <input
      aria-hidden={true}
      aria-invalid={false}
      className="MuiSelect-nativeInput css-yf8vq0-MuiSelect-nativeInput"
      disabled={false}
      onAnimationStart={[Function]}
      onChange={[Function]}
      required={false}
      tabIndex={-1}
      value=""
    />
    <svg
      aria-hidden={true}
      className="MuiSvgIcon-root MuiSvgIcon-fontSizeMedium MuiSelect-icon MuiSelect-iconStandard css-pqjvzy-MuiSvgIcon-root-MuiSelect-icon"
      data-testid="ArrowDropDownIcon"
      focusable="false"
      viewBox="0 0 24 24"
    >
      <path
        d="M7 10l5 5 5-5z"
      />
    </svg>
  </div>
  <p
    className="MuiFormHelperText-root MuiFormHelperText-sizeMedium css-1d1r5q-MuiFormHelperText-root"
  />
</div>
`;
