// Jest Snapshot v1, https://goo.gl/fbAQLP

exports[`src/mui/dialog/form/select/native.select.tsx should render correctly 1`] = `
<div
  className="MuiFormControl-root MuiFormControl-fullWidth css-q8hpuo-MuiFormControl-root"
>
  <label
    className="MuiFormLabel-root MuiInputLabel-root MuiInputLabel-formControl MuiInputLabel-animated MuiInputLabel-sizeMedium MuiInputLabel-standard MuiFormLabel-colorPrimary MuiInputLabel-root MuiInputLabel-formControl MuiInputLabel-animated MuiInputLabel-sizeMedium MuiInputLabel-standard css-aqpgxn-MuiFormLabel-root-MuiInputLabel-root"
    data-shrink={false}
    htmlFor="uncontrolled-native"
  />
  <div
    className="MuiInputBase-root MuiInput-root MuiInput-underline MuiInputBase-colorPrimary MuiInputBase-formControl MuiNativeSelect-root css-1eed5fa-MuiInputBase-root-MuiInput-root"
    onClick={[Function]}
  >
    <select
      aria-invalid={false}
      className="MuiNativeSelect-select MuiNativeSelect-standard MuiInputBase-input MuiInput-input css-1dmqq7i-MuiNativeSelect-select-MuiInputBase-input-MuiInput-input"
      disabled={false}
      id="uncontrolled-native"
      name=""
      onAnimationStart={[Function]}
      onBlur={[Function]}
      onChange={[Function]}
      onFocus={[Function]}
      required={false}
      value=""
    >
      <option
        value=""
      />
    </select>
    <svg
      aria-hidden={true}
      className="MuiSvgIcon-root MuiSvgIcon-fontSizeMedium MuiNativeSelect-icon MuiNativeSelect-iconStandard css-10bey84-MuiSvgIcon-root-MuiNativeSelect-icon"
      data-testid="ArrowDropDownIcon"
      focusable="false"
      viewBox="0 0 24 24"
    >
      <path
        d="M7 10l5 5 5-5z"
      />
    </svg>
  </div>
</div>
`;
